// Jest Snapshot v1, https://goo.gl/fbAQLP

exports[`<Photo /> renders correctly 1`] = `
<Image
  source={
    Object {
      "uri": undefined,
    }
  }
  style={
    Object {
      "backgroundColor": "#e6e6e6",
      "height": 750,
      "width": 750,
    }
  }
/>
`;
