// Jest Snapshot v1, https://goo.gl/fbAQLP

exports[`<Review /> renders correctly 1`] = `
<View>
  <View
    style={
      Object {
        "paddingBottom": 10,
        "paddingLeft": 20,
        "paddingRight": 20,
        "paddingTop": 10,
        "width": 750,
      }
    }
  >
    <Photo
      bold={true}
      size={16}
    />
    <Text
      accessible={true}
      allowFontScaling={true}
      disabled={false}
      ellipsizeMode="tail"
      style={
        Object {
          "color": "#4d4d4d",
          "fontFamily": "RobotoSlab-Regular",
          "fontSize": 14,
          "marginTop": 5,
        }
      }
    />
  </View>
</View>
`;
