// Jest Snapshot v1, https://goo.gl/fbAQLP

exports[`<Reviews /> renders correctly 1`] = `
<View>
  <Form
    action={[Function]}
    productId={1}
  />
</View>
`;
