// Jest Snapshot v1, https://goo.gl/fbAQLP

exports[`<Separator /> renders correctly 1`] = `
<View
  style={
    Object {
      "backgroundColor": undefined,
      "height": 1,
      "marginBottom": 5,
      "marginTop": 5,
      "width": 750,
    }
  }
/>
`;
