// Jest Snapshot v1, https://goo.gl/fbAQLP

exports[`<Reviews /> renders correctly 1`] = `
<View>
  <Review
    name="name"
    text="review"
  />
  <Review
    name="name"
    text="review"
  />
  <Form
    action={[Function]}
    productId={1}
  />
</View>
`;
